// Jest Snapshot v1, https://goo.gl/fbAQLP

exports[`Snapshot for Sum 1`] = `
{
  "asFragment": [Function],
  "baseElement": <body>
    <div>
      <div>
        <h1>
          Users___
        </h1>
        <p>
          This is the users list page 11.
        </p>
        <ul>
          <li>
            name 1
          </li>
          <li>
            name 2
          </li>
          <li>
            name 3
          </li>
        </ul>
        <input
          placeholder="Enter username"
          type="text"
          value=""
        />
        <br />
        <br />
        <br />
        <button>
          Click Me
        </button>
        <p />
        <br />
        <br />
        <br />
        <img
          alt="image"
          src="https://images.pexels.com/photos/808465/pexels-photo-808465.jpeg?cs=srgb&dl=pexels-lastly-808465.jpg&fm=jpg"
          title="image from google"
        />
      </div>
    </div>
  </body>,
  "container": <div>
    <div>
      <h1>
        Users___
      </h1>
      <p>
        This is the users list page 11.
      </p>
      <ul>
        <li>
          name 1
        </li>
        <li>
          name 2
        </li>
        <li>
          name 3
        </li>
      </ul>
      <input
        placeholder="Enter username"
        type="text"
        value=""
      />
      <br />
      <br />
      <br />
      <button>
        Click Me
      </button>
      <p />
      <br />
      <br />
      <br />
      <img
        alt="image"
        src="https://images.pexels.com/photos/808465/pexels-photo-808465.jpeg?cs=srgb&dl=pexels-lastly-808465.jpg&fm=jpg"
        title="image from google"
      />
    </div>
  </div>,
  "debug": [Function],
  "findAllByAltText": [Function],
  "findAllByDisplayValue": [Function],
  "findAllByLabelText": [Function],
  "findAllByPlaceholderText": [Function],
  "findAllByRole": [Function],
  "findAllByTestId": [Function],
  "findAllByText": [Function],
  "findAllByTitle": [Function],
  "findByAltText": [Function],
  "findByDisplayValue": [Function],
  "findByLabelText": [Function],
  "findByPlaceholderText": [Function],
  "findByRole": [Function],
  "findByTestId": [Function],
  "findByText": [Function],
  "findByTitle": [Function],
  "getAllByAltText": [Function],
  "getAllByDisplayValue": [Function],
  "getAllByLabelText": [Function],
  "getAllByPlaceholderText": [Function],
  "getAllByRole": [Function],
  "getAllByTestId": [Function],
  "getAllByText": [Function],
  "getAllByTitle": [Function],
  "getByAltText": [Function],
  "getByDisplayValue": [Function],
  "getByLabelText": [Function],
  "getByPlaceholderText": [Function],
  "getByRole": [Function],
  "getByTestId": [Function],
  "getByText": [Function],
  "getByTitle": [Function],
  "queryAllByAltText": [Function],
  "queryAllByDisplayValue": [Function],
  "queryAllByLabelText": [Function],
  "queryAllByPlaceholderText": [Function],
  "queryAllByRole": [Function],
  "queryAllByTestId": [Function],
  "queryAllByText": [Function],
  "queryAllByTitle": [Function],
  "queryByAltText": [Function],
  "queryByDisplayValue": [Function],
  "queryByLabelText": [Function],
  "queryByPlaceholderText": [Function],
  "queryByRole": [Function],
  "queryByTestId": [Function],
  "queryByText": [Function],
  "queryByTitle": [Function],
  "rerender": [Function],
  "unmount": [Function],
}
`;
